main.c:96:6:TIM4_IRQHandler	4	static
main.c:104:6:TIM3_IRQHandler	4	static
main.c:120:6:espera	24	static
main.c:131:5:main	128	static
main.c:695:6:SystemClock_Config	96	static
main.c:746:13:MX_ADC_Init	24	static
main.c:799:13:MX_DAC_Init	16	static
main.c:837:13:MX_LCD_Init	8	static
main.c:874:13:MX_TIM2_Init	32	static
main.c:919:13:MX_TIM3_Init	32	static
main.c:964:13:MX_TIM4_Init	32	static
main.c:1009:13:MX_TS_Init	4	static
main.c:1030:13:MX_USART1_UART_Init	8	static
main.c:1063:13:MX_GPIO_Init	48	static
main.c:1107:6:Error_Handler	4	static
