stm32l152c_discovery_glass_lcd.c:152:6:BSP_LCD_GLASS_Init	8	static
stm32l152c_discovery_glass_lcd.c:177:6:BSP_LCD_GLASS_DeInit	8	static
stm32l152c_discovery_glass_lcd.c:205:6:BSP_LCD_GLASS_BlinkConfig	16	static
stm32l152c_discovery_glass_lcd.c:224:6:BSP_LCD_GLASS_Contrast	16	static
stm32l152c_discovery_glass_lcd.c:239:6:BSP_LCD_GLASS_DisplayBar	24	static
stm32l152c_discovery_glass_lcd.c:293:6:BSP_LCD_GLASS_ClearBar	24	static
stm32l152c_discovery_glass_lcd.c:348:6:BSP_LCD_GLASS_BarLevelConfig	16	static
stm32l152c_discovery_glass_lcd.c:418:6:BSP_LCD_GLASS_WriteChar	16	static
stm32l152c_discovery_glass_lcd.c:442:6:BSP_LCD_GLASS_DisplayChar	24	static
stm32l152c_discovery_glass_lcd.c:593:6:BSP_LCD_GLASS_DisplayString	24	static
stm32l152c_discovery_glass_lcd.c:617:6:BSP_LCD_GLASS_DisplayStrDeci	24	static
stm32l152c_discovery_glass_lcd.c:652:6:BSP_LCD_GLASS_Clear	8	static
stm32l152c_discovery_glass_lcd.c:667:6:BSP_LCD_GLASS_ScrollSentence	32	static
stm32l152c_discovery_glass_lcd.c:724:13:LCD_MspInit	120	static
stm32l152c_discovery_glass_lcd.c:784:13:LCD_MspDeInit	32	static
stm32l152c_discovery_glass_lcd.c:821:13:Convert	24	static
